deploy	Set up job	﻿2025-03-07T08:21:49.6864809Z Current runner version: '2.322.0'
deploy	Set up job	2025-03-07T08:21:49.6896175Z ##[group]Operating System
deploy	Set up job	2025-03-07T08:21:49.6897338Z Ubuntu
deploy	Set up job	2025-03-07T08:21:49.6897875Z 24.04.2
deploy	Set up job	2025-03-07T08:21:49.6898458Z LTS
deploy	Set up job	2025-03-07T08:21:49.6898895Z ##[endgroup]
deploy	Set up job	2025-03-07T08:21:49.6899407Z ##[group]Runner Image
deploy	Set up job	2025-03-07T08:21:49.6899997Z Image: ubuntu-24.04
deploy	Set up job	2025-03-07T08:21:49.6900557Z Version: 20250302.1.0
deploy	Set up job	2025-03-07T08:21:49.6901531Z Included Software: https://github.com/actions/runner-images/blob/ubuntu24/20250302.1/images/ubuntu/Ubuntu2404-Readme.md
deploy	Set up job	2025-03-07T08:21:49.6902982Z Image Release: https://github.com/actions/runner-images/releases/tag/ubuntu24%2F20250302.1
deploy	Set up job	2025-03-07T08:21:49.6904567Z ##[endgroup]
deploy	Set up job	2025-03-07T08:21:49.6905324Z ##[group]Runner Image Provisioner
deploy	Set up job	2025-03-07T08:21:49.6906328Z 2.0.422.1
deploy	Set up job	2025-03-07T08:21:49.6906812Z ##[endgroup]
deploy	Set up job	2025-03-07T08:21:49.6907975Z ##[group]GITHUB_TOKEN Permissions
deploy	Set up job	2025-03-07T08:21:49.6909868Z Contents: read
deploy	Set up job	2025-03-07T08:21:49.6910425Z Metadata: read
deploy	Set up job	2025-03-07T08:21:49.6910896Z ##[endgroup]
deploy	Set up job	2025-03-07T08:21:49.6913251Z Secret source: Actions
deploy	Set up job	2025-03-07T08:21:49.6914000Z Prepare workflow directory
deploy	Set up job	2025-03-07T08:21:49.7452557Z Prepare all required actions
deploy	Set up job	2025-03-07T08:21:49.7489902Z Getting action download info
deploy	Set up job	2025-03-07T08:21:50.1213241Z Download action repository 'actions/checkout@v4' (SHA:11bd71901bbe5b1630ceea73d27597364c9af683)
deploy	Set up job	2025-03-07T08:21:50.2459265Z Download action repository 'google-github-actions/auth@v2' (SHA:6fc4af4b145ae7821d527454aa9bd537d1f2dc5f)
deploy	Set up job	2025-03-07T08:21:50.5221127Z Download action repository 'google-github-actions/deploy-cloudrun@v2' (SHA:1ec29da1351112c7904fb60454a55e3e1021a51c)
deploy	Set up job	2025-03-07T08:21:51.0054929Z Complete job name: deploy
deploy	Checkout Repository	﻿2025-03-07T08:21:51.0697685Z ##[group]Run actions/checkout@v4
deploy	Checkout Repository	2025-03-07T08:21:51.0698653Z with:
deploy	Checkout Repository	2025-03-07T08:21:51.0699083Z   repository: Stigliano/trading-ai
deploy	Checkout Repository	2025-03-07T08:21:51.0699798Z   token: ***
deploy	Checkout Repository	2025-03-07T08:21:51.0700193Z   ssh-strict: true
deploy	Checkout Repository	2025-03-07T08:21:51.0700606Z   ssh-user: git
deploy	Checkout Repository	2025-03-07T08:21:51.0701033Z   persist-credentials: true
deploy	Checkout Repository	2025-03-07T08:21:51.0701521Z   clean: true
deploy	Checkout Repository	2025-03-07T08:21:51.0701933Z   sparse-checkout-cone-mode: true
deploy	Checkout Repository	2025-03-07T08:21:51.0702446Z   fetch-depth: 1
deploy	Checkout Repository	2025-03-07T08:21:51.0702852Z   fetch-tags: false
deploy	Checkout Repository	2025-03-07T08:21:51.0703267Z   show-progress: true
deploy	Checkout Repository	2025-03-07T08:21:51.0703691Z   lfs: false
deploy	Checkout Repository	2025-03-07T08:21:51.0704085Z   submodules: false
deploy	Checkout Repository	2025-03-07T08:21:51.0704526Z   set-safe-directory: true
deploy	Checkout Repository	2025-03-07T08:21:51.0705180Z env:
deploy	Checkout Repository	2025-03-07T08:21:51.0705590Z   PROJECT_ID: trading90
deploy	Checkout Repository	2025-03-07T08:21:51.0706030Z   REGION: us-central1
deploy	Checkout Repository	2025-03-07T08:21:51.0706489Z   SERVICE: trading-ai-service
deploy	Checkout Repository	2025-03-07T08:21:51.0707135Z   REPOSITORY: trading-ai-repo
deploy	Checkout Repository	2025-03-07T08:21:51.0708259Z   WORKLOAD_IDENTITY_PROVIDER: projects/945635315103/locations/global/workloadIdentityPools/github-pool/providers/github-provider
deploy	Checkout Repository	2025-03-07T08:21:51.0709470Z   ENVIRONMENT: prod
deploy	Checkout Repository	2025-03-07T08:21:51.0709891Z ##[endgroup]
deploy	Checkout Repository	2025-03-07T08:21:51.3478143Z Syncing repository: Stigliano/trading-ai
deploy	Checkout Repository	2025-03-07T08:21:51.3480595Z ##[group]Getting Git version info
deploy	Checkout Repository	2025-03-07T08:21:51.3481842Z Working directory is '/home/runner/work/trading-ai/trading-ai'
deploy	Checkout Repository	2025-03-07T08:21:51.3483568Z [command]/usr/bin/git version
deploy	Checkout Repository	2025-03-07T08:21:51.4737491Z git version 2.48.1
deploy	Checkout Repository	2025-03-07T08:21:51.4769536Z ##[endgroup]
deploy	Checkout Repository	2025-03-07T08:21:51.4784226Z Temporarily overriding HOME='/home/runner/work/_temp/da194d52-c89a-486a-b27a-2abcacfdc17a' before making global git config changes
deploy	Checkout Repository	2025-03-07T08:21:51.4787146Z Adding repository directory to the temporary git global config as a safe directory
deploy	Checkout Repository	2025-03-07T08:21:51.4797916Z [command]/usr/bin/git config --global --add safe.directory /home/runner/work/trading-ai/trading-ai
deploy	Checkout Repository	2025-03-07T08:21:51.4883949Z Deleting the contents of '/home/runner/work/trading-ai/trading-ai'
deploy	Checkout Repository	2025-03-07T08:21:51.4888123Z ##[group]Initializing the repository
deploy	Checkout Repository	2025-03-07T08:21:51.4892220Z [command]/usr/bin/git init /home/runner/work/trading-ai/trading-ai
deploy	Checkout Repository	2025-03-07T08:21:51.5897384Z hint: Using 'master' as the name for the initial branch. This default branch name
deploy	Checkout Repository	2025-03-07T08:21:51.5900391Z hint: is subject to change. To configure the initial branch name to use in all
deploy	Checkout Repository	2025-03-07T08:21:51.5902746Z hint: of your new repositories, which will suppress this warning, call:
deploy	Checkout Repository	2025-03-07T08:21:51.5904556Z hint:
deploy	Checkout Repository	2025-03-07T08:21:51.5905754Z hint: 	git config --global init.defaultBranch <name>
deploy	Checkout Repository	2025-03-07T08:21:51.5907457Z hint:
deploy	Checkout Repository	2025-03-07T08:21:51.5908850Z hint: Names commonly chosen instead of 'master' are 'main', 'trunk' and
deploy	Checkout Repository	2025-03-07T08:21:51.5911134Z hint: 'development'. The just-created branch can be renamed via this command:
deploy	Checkout Repository	2025-03-07T08:21:51.5912932Z hint:
deploy	Checkout Repository	2025-03-07T08:21:51.5913866Z hint: 	git branch -m <name>
deploy	Checkout Repository	2025-03-07T08:21:51.6006186Z Initialized empty Git repository in /home/runner/work/trading-ai/trading-ai/.git/
deploy	Checkout Repository	2025-03-07T08:21:51.6020139Z [command]/usr/bin/git remote add origin https://github.com/Stigliano/trading-ai
deploy	Checkout Repository	2025-03-07T08:21:51.6110297Z ##[endgroup]
deploy	Checkout Repository	2025-03-07T08:21:51.6112282Z ##[group]Disabling automatic garbage collection
deploy	Checkout Repository	2025-03-07T08:21:51.6114259Z [command]/usr/bin/git config --local gc.auto 0
deploy	Checkout Repository	2025-03-07T08:21:51.6143043Z ##[endgroup]
deploy	Checkout Repository	2025-03-07T08:21:51.6144673Z ##[group]Setting up auth
deploy	Checkout Repository	2025-03-07T08:21:51.6149483Z [command]/usr/bin/git config --local --name-only --get-regexp core\.sshCommand
deploy	Checkout Repository	2025-03-07T08:21:51.6179467Z [command]/usr/bin/git submodule foreach --recursive sh -c "git config --local --name-only --get-regexp 'core\.sshCommand' && git config --local --unset-all 'core.sshCommand' || :"
deploy	Checkout Repository	2025-03-07T08:21:51.7947580Z [command]/usr/bin/git config --local --name-only --get-regexp http\.https\:\/\/github\.com\/\.extraheader
deploy	Checkout Repository	2025-03-07T08:21:51.7978284Z [command]/usr/bin/git submodule foreach --recursive sh -c "git config --local --name-only --get-regexp 'http\.https\:\/\/github\.com\/\.extraheader' && git config --local --unset-all 'http.https://github.com/.extraheader' || :"
deploy	Checkout Repository	2025-03-07T08:21:51.8226353Z [command]/usr/bin/git config --local http.https://github.com/.extraheader AUTHORIZATION: basic ***
deploy	Checkout Repository	2025-03-07T08:21:51.8273491Z ##[endgroup]
deploy	Checkout Repository	2025-03-07T08:21:51.8276047Z ##[group]Fetching the repository
deploy	Checkout Repository	2025-03-07T08:21:51.8286475Z [command]/usr/bin/git -c protocol.version=2 fetch --no-tags --prune --no-recurse-submodules --depth=1 origin +08a420a4779bfda43184afa7f316e51b0a22b11a:refs/remotes/origin/main
deploy	Checkout Repository	2025-03-07T08:21:52.2862875Z From https://github.com/Stigliano/trading-ai
deploy	Checkout Repository	2025-03-07T08:21:52.2865655Z  * [new ref]         08a420a4779bfda43184afa7f316e51b0a22b11a -> origin/main
deploy	Checkout Repository	2025-03-07T08:21:52.2966491Z ##[endgroup]
deploy	Checkout Repository	2025-03-07T08:21:52.2969252Z ##[group]Determining the checkout info
deploy	Checkout Repository	2025-03-07T08:21:52.2971924Z ##[endgroup]
deploy	Checkout Repository	2025-03-07T08:21:52.2974097Z [command]/usr/bin/git sparse-checkout disable
deploy	Checkout Repository	2025-03-07T08:21:52.3069765Z [command]/usr/bin/git config --local --unset-all extensions.worktreeConfig
deploy	Checkout Repository	2025-03-07T08:21:52.3100754Z ##[group]Checking out the ref
deploy	Checkout Repository	2025-03-07T08:21:52.3104264Z [command]/usr/bin/git checkout --progress --force -B main refs/remotes/origin/main
deploy	Checkout Repository	2025-03-07T08:21:52.3255832Z Switched to a new branch 'main'
deploy	Checkout Repository	2025-03-07T08:21:52.3258356Z branch 'main' set up to track 'origin/main'.
deploy	Checkout Repository	2025-03-07T08:21:52.3266452Z ##[endgroup]
deploy	Checkout Repository	2025-03-07T08:21:52.3318102Z [command]/usr/bin/git log -1 --format=%H
deploy	Checkout Repository	2025-03-07T08:21:52.3341407Z 08a420a4779bfda43184afa7f316e51b0a22b11a
deploy	Autenticazione su Google Cloud	﻿2025-03-07T08:21:52.3673181Z ##[group]Run google-github-actions/auth@v2
deploy	Autenticazione su Google Cloud	2025-03-07T08:21:52.3674319Z with:
deploy	Autenticazione su Google Cloud	2025-03-07T08:21:52.3676393Z   workload_identity_provider: projects/945635315103/locations/global/workloadIdentityPools/github-pool/providers/github-provider
deploy	Autenticazione su Google Cloud	2025-03-07T08:21:52.3679303Z   service_account: github-actions@trading90.iam.gserviceaccount.com
deploy	Autenticazione su Google Cloud	2025-03-07T08:21:52.3680739Z   create_credentials_file: true
deploy	Autenticazione su Google Cloud	2025-03-07T08:21:52.3681721Z   export_environment_variables: true
deploy	Autenticazione su Google Cloud	2025-03-07T08:21:52.3682754Z   universe: googleapis.com
deploy	Autenticazione su Google Cloud	2025-03-07T08:21:52.3683671Z   cleanup_credentials: true
deploy	Autenticazione su Google Cloud	2025-03-07T08:21:52.3684585Z   access_token_lifetime: 3600s
deploy	Autenticazione su Google Cloud	2025-03-07T08:21:52.3685924Z   access_token_scopes: https://www.googleapis.com/auth/cloud-platform
deploy	Autenticazione su Google Cloud	2025-03-07T08:21:52.3687717Z   id_token_include_email: false
deploy	Autenticazione su Google Cloud	2025-03-07T08:21:52.3688628Z env:
deploy	Autenticazione su Google Cloud	2025-03-07T08:21:52.3689322Z   PROJECT_ID: trading90
deploy	Autenticazione su Google Cloud	2025-03-07T08:21:52.3690155Z   REGION: us-central1
deploy	Autenticazione su Google Cloud	2025-03-07T08:21:52.3690988Z   SERVICE: trading-ai-service
deploy	Autenticazione su Google Cloud	2025-03-07T08:21:52.3691939Z   REPOSITORY: trading-ai-repo
deploy	Autenticazione su Google Cloud	2025-03-07T08:21:52.3694214Z   WORKLOAD_IDENTITY_PROVIDER: projects/945635315103/locations/global/workloadIdentityPools/github-pool/providers/github-provider
deploy	Autenticazione su Google Cloud	2025-03-07T08:21:52.3696545Z   ENVIRONMENT: prod
deploy	Autenticazione su Google Cloud	2025-03-07T08:21:52.3697411Z ##[endgroup]
deploy	Autenticazione su Google Cloud	2025-03-07T08:21:52.5786345Z Created credentials file at "/home/runner/work/trading-ai/trading-ai/gha-creds-c4a5e2ef5a72f2f0.json"
deploy	Docker Authentication	﻿2025-03-07T08:21:52.7309862Z ##[group]Run gcloud auth configure-docker us-central1-docker.pkg.dev
deploy	Docker Authentication	2025-03-07T08:21:52.7311732Z [36;1mgcloud auth configure-docker us-central1-docker.pkg.dev[0m
deploy	Docker Authentication	2025-03-07T08:21:52.7366629Z shell: /usr/bin/bash -e {0}
deploy	Docker Authentication	2025-03-07T08:21:52.7367868Z env:
deploy	Docker Authentication	2025-03-07T08:21:52.7368606Z   PROJECT_ID: trading90
deploy	Docker Authentication	2025-03-07T08:21:52.7369494Z   REGION: us-central1
deploy	Docker Authentication	2025-03-07T08:21:52.7370357Z   SERVICE: trading-ai-service
deploy	Docker Authentication	2025-03-07T08:21:52.7431689Z   REPOSITORY: trading-ai-repo
deploy	Docker Authentication	2025-03-07T08:21:52.7435518Z   WORKLOAD_IDENTITY_PROVIDER: projects/945635315103/locations/global/workloadIdentityPools/github-pool/providers/github-provider
deploy	Docker Authentication	2025-03-07T08:21:52.7439586Z   ENVIRONMENT: prod
deploy	Docker Authentication	2025-03-07T08:21:52.7442525Z   CLOUDSDK_AUTH_CREDENTIAL_FILE_OVERRIDE: /home/runner/work/trading-ai/trading-ai/gha-creds-c4a5e2ef5a72f2f0.json
deploy	Docker Authentication	2025-03-07T08:21:52.7447525Z   GOOGLE_APPLICATION_CREDENTIALS: /home/runner/work/trading-ai/trading-ai/gha-creds-c4a5e2ef5a72f2f0.json
deploy	Docker Authentication	2025-03-07T08:21:52.7450500Z   GOOGLE_GHA_CREDS_PATH: /home/runner/work/trading-ai/trading-ai/gha-creds-c4a5e2ef5a72f2f0.json
deploy	Docker Authentication	2025-03-07T08:21:52.7452315Z   CLOUDSDK_CORE_PROJECT: trading90
deploy	Docker Authentication	2025-03-07T08:21:52.7453336Z   CLOUDSDK_PROJECT: trading90
deploy	Docker Authentication	2025-03-07T08:21:52.7454272Z   GCLOUD_PROJECT: trading90
deploy	Docker Authentication	2025-03-07T08:21:52.7455171Z   GCP_PROJECT: trading90
deploy	Docker Authentication	2025-03-07T08:21:52.7456065Z   GOOGLE_CLOUD_PROJECT: trading90
deploy	Docker Authentication	2025-03-07T08:21:52.7457210Z ##[endgroup]
deploy	Docker Authentication	2025-03-07T08:21:59.6917248Z Adding credentials for: us-central1-docker.pkg.dev
deploy	Docker Authentication	2025-03-07T08:21:59.6919065Z After update, the following will be written to your Docker config file located 
deploy	Docker Authentication	2025-03-07T08:21:59.6919808Z at [/home/runner/.docker/config.json]:
deploy	Docker Authentication	2025-03-07T08:21:59.6920249Z  {
deploy	Docker Authentication	2025-03-07T08:21:59.6920637Z   "credHelpers": {
deploy	Docker Authentication	2025-03-07T08:21:59.6921025Z     "us-central1-docker.pkg.dev": "gcloud"
deploy	Docker Authentication	2025-03-07T08:21:59.6921386Z   }
deploy	Docker Authentication	2025-03-07T08:21:59.6921679Z }
deploy	Docker Authentication	2025-03-07T08:21:59.6921786Z 
deploy	Docker Authentication	2025-03-07T08:21:59.6922013Z Do you want to continue (Y/n)?  
deploy	Docker Authentication	2025-03-07T08:21:59.7102394Z Docker configuration file updated.
deploy	Build e Push Docker Image	﻿2025-03-07T08:21:59.7824093Z ##[group]Run IMAGE_TAG="08a420a4779bfda43184afa7f316e51b0a22b11a"  # Usa l'hash del commit come tag dell'immagine
deploy	Build e Push Docker Image	2025-03-07T08:21:59.7824908Z [36;1mIMAGE_TAG="08a420a4779bfda43184afa7f316e51b0a22b11a"  # Usa l'hash del commit come tag dell'immagine[0m
deploy	Build e Push Docker Image	2025-03-07T08:21:59.7825604Z [36;1mIMAGE_NAME="us-central1-docker.pkg.dev/trading90/trading-ai-repo/trading-ai-service:${IMAGE_TAG}"[0m
deploy	Build e Push Docker Image	2025-03-07T08:21:59.7826052Z [36;1m[0m
deploy	Build e Push Docker Image	2025-03-07T08:21:59.7826346Z [36;1mecho "🚀 Costruzione dell'immagine Docker: $IMAGE_NAME"[0m
deploy	Build e Push Docker Image	2025-03-07T08:21:59.7826692Z [36;1mdocker build --tag "$IMAGE_NAME" .[0m
deploy	Build e Push Docker Image	2025-03-07T08:21:59.7827233Z [36;1mdocker push "$IMAGE_NAME"[0m
deploy	Build e Push Docker Image	2025-03-07T08:21:59.7827566Z [36;1mecho "✅ Immagine Docker caricata: $IMAGE_NAME"[0m
deploy	Build e Push Docker Image	2025-03-07T08:21:59.7873751Z shell: /usr/bin/bash -e {0}
deploy	Build e Push Docker Image	2025-03-07T08:21:59.7873993Z env:
deploy	Build e Push Docker Image	2025-03-07T08:21:59.7874167Z   PROJECT_ID: trading90
deploy	Build e Push Docker Image	2025-03-07T08:21:59.7874371Z   REGION: us-central1
deploy	Build e Push Docker Image	2025-03-07T08:21:59.7874595Z   SERVICE: trading-ai-service
deploy	Build e Push Docker Image	2025-03-07T08:21:59.7874869Z   REPOSITORY: trading-ai-repo
deploy	Build e Push Docker Image	2025-03-07T08:21:59.7875406Z   WORKLOAD_IDENTITY_PROVIDER: projects/945635315103/locations/global/workloadIdentityPools/github-pool/providers/github-provider
deploy	Build e Push Docker Image	2025-03-07T08:21:59.7875966Z   ENVIRONMENT: prod
deploy	Build e Push Docker Image	2025-03-07T08:21:59.7876590Z   CLOUDSDK_AUTH_CREDENTIAL_FILE_OVERRIDE: /home/runner/work/trading-ai/trading-ai/gha-creds-c4a5e2ef5a72f2f0.json
deploy	Build e Push Docker Image	2025-03-07T08:21:59.7877535Z   GOOGLE_APPLICATION_CREDENTIALS: /home/runner/work/trading-ai/trading-ai/gha-creds-c4a5e2ef5a72f2f0.json
deploy	Build e Push Docker Image	2025-03-07T08:21:59.7878178Z   GOOGLE_GHA_CREDS_PATH: /home/runner/work/trading-ai/trading-ai/gha-creds-c4a5e2ef5a72f2f0.json
deploy	Build e Push Docker Image	2025-03-07T08:21:59.7878622Z   CLOUDSDK_CORE_PROJECT: trading90
deploy	Build e Push Docker Image	2025-03-07T08:21:59.7878895Z   CLOUDSDK_PROJECT: trading90
deploy	Build e Push Docker Image	2025-03-07T08:21:59.7879111Z   GCLOUD_PROJECT: trading90
deploy	Build e Push Docker Image	2025-03-07T08:21:59.7879321Z   GCP_PROJECT: trading90
deploy	Build e Push Docker Image	2025-03-07T08:21:59.7879531Z   GOOGLE_CLOUD_PROJECT: trading90
deploy	Build e Push Docker Image	2025-03-07T08:21:59.7879746Z ##[endgroup]
deploy	Build e Push Docker Image	2025-03-07T08:21:59.7945973Z 🚀 Costruzione dell'immagine Docker: us-central1-docker.pkg.dev/trading90/trading-ai-repo/trading-ai-service:08a420a4779bfda43184afa7f316e51b0a22b11a
deploy	Build e Push Docker Image	2025-03-07T08:22:02.9494343Z #0 building with "default" instance using docker driver
deploy	Build e Push Docker Image	2025-03-07T08:22:02.9494850Z 
deploy	Build e Push Docker Image	2025-03-07T08:22:02.9495063Z #1 [internal] load build definition from Dockerfile
deploy	Build e Push Docker Image	2025-03-07T08:22:02.9495545Z #1 transferring dockerfile: 417B done
deploy	Build e Push Docker Image	2025-03-07T08:22:02.9495953Z #1 DONE 0.0s
deploy	Build e Push Docker Image	2025-03-07T08:22:02.9496125Z 
deploy	Build e Push Docker Image	2025-03-07T08:22:02.9496366Z #2 [auth] library/python:pull token for registry-1.docker.io
deploy	Build e Push Docker Image	2025-03-07T08:22:03.0995402Z #2 DONE 0.0s
deploy	Build e Push Docker Image	2025-03-07T08:22:03.0995652Z 
deploy	Build e Push Docker Image	2025-03-07T08:22:03.0995916Z #3 [internal] load metadata for docker.io/library/python:3.9
deploy	Build e Push Docker Image	2025-03-07T08:22:03.3184862Z #3 DONE 0.5s
deploy	Build e Push Docker Image	2025-03-07T08:22:03.4418471Z 
deploy	Build e Push Docker Image	2025-03-07T08:22:03.4419117Z #4 [internal] load .dockerignore
deploy	Build e Push Docker Image	2025-03-07T08:22:03.4419678Z #4 transferring context: 2B done
deploy	Build e Push Docker Image	2025-03-07T08:22:03.4420079Z #4 DONE 0.0s
deploy	Build e Push Docker Image	2025-03-07T08:22:03.4420266Z 
deploy	Build e Push Docker Image	2025-03-07T08:22:03.4420490Z #5 [internal] load build context
deploy	Build e Push Docker Image	2025-03-07T08:22:03.4420965Z #5 transferring context: 242.36kB 0.0s done
deploy	Build e Push Docker Image	2025-03-07T08:22:03.4421430Z #5 DONE 0.0s
deploy	Build e Push Docker Image	2025-03-07T08:22:03.4421597Z 
deploy	Build e Push Docker Image	2025-03-07T08:22:03.4422040Z #6 [1/4] FROM docker.io/library/python:3.9@sha256:5ea663a1c6ba266fdcac5949d1d2ea364ce30a2da92a3df95bb3c01437633ad9
deploy	Build e Push Docker Image	2025-03-07T08:22:03.4423402Z #6 resolve docker.io/library/python:3.9@sha256:5ea663a1c6ba266fdcac5949d1d2ea364ce30a2da92a3df95bb3c01437633ad9 done
deploy	Build e Push Docker Image	2025-03-07T08:22:03.4424429Z #6 sha256:8bc030886625d9be09abc0be226220146fb470fd7aa0c2ae05ea52b0fa73d5c7 2.32kB / 2.32kB done
deploy	Build e Push Docker Image	2025-03-07T08:22:03.4425385Z #6 sha256:155ad54a8b2812a0ec559ff82c0c6f0f0dddb337a226b11879f09e15f67b69fc 7.34MB / 48.48MB 0.1s
deploy	Build e Push Docker Image	2025-03-07T08:22:03.4426561Z #6 sha256:1d281e50d3e435595c266df06531a7e8c2ebb0c185622c8ab2eed8d760e6576b 0B / 64.39MB 0.1s
deploy	Build e Push Docker Image	2025-03-07T08:22:03.4427709Z #6 sha256:5ea663a1c6ba266fdcac5949d1d2ea364ce30a2da92a3df95bb3c01437633ad9 10.35kB / 10.35kB done
deploy	Build e Push Docker Image	2025-03-07T08:22:03.4428903Z #6 sha256:9f98746e2033b7c45b22bf0b4f3bed6edee1b9a100c215c346e6074589a2f9ab 6.17kB / 6.17kB done
deploy	Build e Push Docker Image	2025-03-07T08:22:03.4430303Z #6 sha256:8031108f3cda87bb32f090262d0109c8a0db99168050967becefad502e9a681b 0B / 24.06MB 0.1s
deploy	Build e Push Docker Image	2025-03-07T08:22:03.5423772Z #6 sha256:155ad54a8b2812a0ec559ff82c0c6f0f0dddb337a226b11879f09e15f67b69fc 24.12MB / 48.48MB 0.2s
deploy	Build e Push Docker Image	2025-03-07T08:22:03.5425099Z #6 sha256:8031108f3cda87bb32f090262d0109c8a0db99168050967becefad502e9a681b 7.34MB / 24.06MB 0.2s
deploy	Build e Push Docker Image	2025-03-07T08:22:03.7445375Z #6 sha256:155ad54a8b2812a0ec559ff82c0c6f0f0dddb337a226b11879f09e15f67b69fc 48.48MB / 48.48MB 0.4s done
deploy	Build e Push Docker Image	2025-03-07T08:22:03.7447360Z #6 sha256:1d281e50d3e435595c266df06531a7e8c2ebb0c185622c8ab2eed8d760e6576b 22.02MB / 64.39MB 0.4s
deploy	Build e Push Docker Image	2025-03-07T08:22:03.7448671Z #6 sha256:8031108f3cda87bb32f090262d0109c8a0db99168050967becefad502e9a681b 24.06MB / 24.06MB 0.4s
deploy	Build e Push Docker Image	2025-03-07T08:22:03.8960740Z #6 sha256:1d281e50d3e435595c266df06531a7e8c2ebb0c185622c8ab2eed8d760e6576b 37.75MB / 64.39MB 0.5s
deploy	Build e Push Docker Image	2025-03-07T08:22:03.8961962Z #6 sha256:8031108f3cda87bb32f090262d0109c8a0db99168050967becefad502e9a681b 24.06MB / 24.06MB 0.4s done
deploy	Build e Push Docker Image	2025-03-07T08:22:03.8963085Z #6 extracting sha256:155ad54a8b2812a0ec559ff82c0c6f0f0dddb337a226b11879f09e15f67b69fc 0.1s
deploy	Build e Push Docker Image	2025-03-07T08:22:03.8964201Z #6 sha256:93bee3686f319cf7bd4fcc659256d85121430628478ba3d026b5a96967b35cbe 2.10MB / 6.16MB 0.5s
deploy	Build e Push Docker Image	2025-03-07T08:22:03.8965516Z #6 sha256:447713e77b4fc3658cfba0c1e816b70ff6d9bf06563dc8cfcb0459406aed33b4 1.05MB / 211.34MB 0.5s
deploy	Build e Push Docker Image	2025-03-07T08:22:04.0064219Z #6 sha256:1d281e50d3e435595c266df06531a7e8c2ebb0c185622c8ab2eed8d760e6576b 44.04MB / 64.39MB 0.6s
deploy	Build e Push Docker Image	2025-03-07T08:22:04.0065485Z #6 sha256:93bee3686f319cf7bd4fcc659256d85121430628478ba3d026b5a96967b35cbe 6.16MB / 6.16MB 0.5s done
deploy	Build e Push Docker Image	2025-03-07T08:22:04.0067651Z #6 sha256:447713e77b4fc3658cfba0c1e816b70ff6d9bf06563dc8cfcb0459406aed33b4 23.72MB / 211.34MB 0.6s
deploy	Build e Push Docker Image	2025-03-07T08:22:04.0068813Z #6 sha256:95b7226c62e1a4719940920ae7fffd1ea4915befd3139d7020b84da24182ffd9 0B / 19.85MB 0.6s
deploy	Build e Push Docker Image	2025-03-07T08:22:04.1105753Z #6 sha256:447713e77b4fc3658cfba0c1e816b70ff6d9bf06563dc8cfcb0459406aed33b4 48.23MB / 211.34MB 0.7s
deploy	Build e Push Docker Image	2025-03-07T08:22:04.1107170Z #6 sha256:95b7226c62e1a4719940920ae7fffd1ea4915befd3139d7020b84da24182ffd9 10.49MB / 19.85MB 0.7s
deploy	Build e Push Docker Image	2025-03-07T08:22:04.2148910Z #6 sha256:1d281e50d3e435595c266df06531a7e8c2ebb0c185622c8ab2eed8d760e6576b 49.28MB / 64.39MB 0.8s
deploy	Build e Push Docker Image	2025-03-07T08:22:04.2152137Z #6 sha256:447713e77b4fc3658cfba0c1e816b70ff6d9bf06563dc8cfcb0459406aed33b4 61.87MB / 211.34MB 0.8s
deploy	Build e Push Docker Image	2025-03-07T08:22:04.3201978Z #6 sha256:95b7226c62e1a4719940920ae7fffd1ea4915befd3139d7020b84da24182ffd9 17.83MB / 19.85MB 0.8s
deploy	Build e Push Docker Image	2025-03-07T08:22:04.3203189Z #6 sha256:1d281e50d3e435595c266df06531a7e8c2ebb0c185622c8ab2eed8d760e6576b 64.39MB / 64.39MB 0.9s
deploy	Build e Push Docker Image	2025-03-07T08:22:04.3207336Z #6 sha256:447713e77b4fc3658cfba0c1e816b70ff6d9bf06563dc8cfcb0459406aed33b4 83.89MB / 211.34MB 0.9s
deploy	Build e Push Docker Image	2025-03-07T08:22:04.3208494Z #6 sha256:95b7226c62e1a4719940920ae7fffd1ea4915befd3139d7020b84da24182ffd9 19.85MB / 19.85MB 0.8s done
deploy	Build e Push Docker Image	2025-03-07T08:22:04.3209621Z #6 sha256:521cad6ddc5302ec0b1d426cdf6df64316fd18ddf3cb0924d24daee81b661501 250B / 250B 0.9s done
deploy	Build e Push Docker Image	2025-03-07T08:22:04.4416136Z #6 sha256:1d281e50d3e435595c266df06531a7e8c2ebb0c185622c8ab2eed8d760e6576b 64.39MB / 64.39MB 1.0s done
deploy	Build e Push Docker Image	2025-03-07T08:22:04.4417595Z #6 sha256:447713e77b4fc3658cfba0c1e816b70ff6d9bf06563dc8cfcb0459406aed33b4 136.31MB / 211.34MB 1.1s
deploy	Build e Push Docker Image	2025-03-07T08:22:04.5416715Z #6 sha256:447713e77b4fc3658cfba0c1e816b70ff6d9bf06563dc8cfcb0459406aed33b4 169.87MB / 211.34MB 1.2s
deploy	Build e Push Docker Image	2025-03-07T08:22:04.6418388Z #6 sha256:447713e77b4fc3658cfba0c1e816b70ff6d9bf06563dc8cfcb0459406aed33b4 199.28MB / 211.34MB 1.3s
deploy	Build e Push Docker Image	2025-03-07T08:22:04.8393661Z #6 sha256:447713e77b4fc3658cfba0c1e816b70ff6d9bf06563dc8cfcb0459406aed33b4 211.34MB / 211.34MB 1.4s
deploy	Build e Push Docker Image	2025-03-07T08:22:04.9418159Z #6 sha256:447713e77b4fc3658cfba0c1e816b70ff6d9bf06563dc8cfcb0459406aed33b4 211.34MB / 211.34MB 1.6s done
deploy	Build e Push Docker Image	2025-03-07T08:22:05.7303915Z #6 extracting sha256:155ad54a8b2812a0ec559ff82c0c6f0f0dddb337a226b11879f09e15f67b69fc 1.9s done
deploy	Build e Push Docker Image	2025-03-07T08:22:05.8944268Z #6 extracting sha256:8031108f3cda87bb32f090262d0109c8a0db99168050967becefad502e9a681b 0.1s
deploy	Build e Push Docker Image	2025-03-07T08:22:06.3996553Z #6 extracting sha256:8031108f3cda87bb32f090262d0109c8a0db99168050967becefad502e9a681b 0.5s done
deploy	Build e Push Docker Image	2025-03-07T08:22:06.5689282Z #6 extracting sha256:1d281e50d3e435595c266df06531a7e8c2ebb0c185622c8ab2eed8d760e6576b
deploy	Build e Push Docker Image	2025-03-07T08:22:08.6917928Z #6 extracting sha256:1d281e50d3e435595c266df06531a7e8c2ebb0c185622c8ab2eed8d760e6576b 2.0s done
deploy	Build e Push Docker Image	2025-03-07T08:22:08.8695626Z #6 extracting sha256:447713e77b4fc3658cfba0c1e816b70ff6d9bf06563dc8cfcb0459406aed33b4
deploy	Build e Push Docker Image	2025-03-07T08:22:13.9172370Z #6 extracting sha256:447713e77b4fc3658cfba0c1e816b70ff6d9bf06563dc8cfcb0459406aed33b4 4.9s done
deploy	Build e Push Docker Image	2025-03-07T08:22:15.1090826Z #6 extracting sha256:93bee3686f319cf7bd4fcc659256d85121430628478ba3d026b5a96967b35cbe
deploy	Build e Push Docker Image	2025-03-07T08:22:15.4730587Z #6 extracting sha256:93bee3686f319cf7bd4fcc659256d85121430628478ba3d026b5a96967b35cbe 0.2s done
deploy	Build e Push Docker Image	2025-03-07T08:22:15.4731733Z #6 extracting sha256:95b7226c62e1a4719940920ae7fffd1ea4915befd3139d7020b84da24182ffd9 0.1s
deploy	Build e Push Docker Image	2025-03-07T08:22:16.0596374Z #6 extracting sha256:95b7226c62e1a4719940920ae7fffd1ea4915befd3139d7020b84da24182ffd9 0.6s done
deploy	Build e Push Docker Image	2025-03-07T08:22:16.0598888Z #6 extracting sha256:521cad6ddc5302ec0b1d426cdf6df64316fd18ddf3cb0924d24daee81b661501
deploy	Build e Push Docker Image	2025-03-07T08:22:16.2795911Z #6 extracting sha256:521cad6ddc5302ec0b1d426cdf6df64316fd18ddf3cb0924d24daee81b661501 done
deploy	Build e Push Docker Image	2025-03-07T08:22:16.2796521Z #6 DONE 12.8s
deploy	Build e Push Docker Image	2025-03-07T08:22:16.2796652Z 
deploy	Build e Push Docker Image	2025-03-07T08:22:16.2796742Z #7 [2/4] WORKDIR /app
deploy	Build e Push Docker Image	2025-03-07T08:22:16.2797184Z #7 DONE 0.0s
deploy	Build e Push Docker Image	2025-03-07T08:22:16.2797324Z 
deploy	Build e Push Docker Image	2025-03-07T08:22:16.2797415Z #8 [3/4] COPY . /app
deploy	Build e Push Docker Image	2025-03-07T08:22:16.2797628Z #8 DONE 0.0s
deploy	Build e Push Docker Image	2025-03-07T08:22:16.2797747Z 
deploy	Build e Push Docker Image	2025-03-07T08:22:16.2797925Z #9 [4/4] RUN pip install --no-cache-dir -r requirements.txt
deploy	Build e Push Docker Image	2025-03-07T08:22:17.9190991Z #9 1.790 Collecting fastapi
deploy	Build e Push Docker Image	2025-03-07T08:22:18.0308246Z #9 1.872   Downloading fastapi-0.115.11-py3-none-any.whl (94 kB)
deploy	Build e Push Docker Image	2025-03-07T08:22:18.2546900Z #9 1.902      ━━━━━━━━━━━━━━━━━━━━━━━━━━━━━━━━━━━━━━━━ 94.9/94.9 kB 3.4 MB/s eta 0:00:00
deploy	Build e Push Docker Image	2025-03-07T08:22:18.2547901Z #9 1.951 Collecting uvicorn
deploy	Build e Push Docker Image	2025-03-07T08:22:18.2548412Z #9 1.971   Downloading uvicorn-0.34.0-py3-none-any.whl (62 kB)
deploy	Build e Push Docker Image	2025-03-07T08:22:18.2549302Z #9 1.975      ━━━━━━━━━━━━━━━━━━━━━━━━━━━━━━━━━━━━━━━━ 62.3/62.3 kB 28.8 MB/s eta 0:00:00
deploy	Build e Push Docker Image	2025-03-07T08:22:18.5461074Z #9 2.417 Collecting numpy
deploy	Build e Push Docker Image	2025-03-07T08:22:18.7171279Z #9 2.438   Downloading numpy-2.0.2-cp39-cp39-manylinux_2_17_x86_64.manylinux2014_x86_64.whl (19.5 MB)
deploy	Build e Push Docker Image	2025-03-07T08:22:18.8862248Z #9 2.607      ━━━━━━━━━━━━━━━━━━━━━━━━━━━━━━━━━━━━━━━ 19.5/19.5 MB 197.9 MB/s eta 0:00:00
deploy	Build e Push Docker Image	2025-03-07T08:22:19.0263399Z #9 2.897 Collecting pandas
deploy	Build e Push Docker Image	2025-03-07T08:22:19.1972753Z #9 2.918   Downloading pandas-2.2.3-cp39-cp39-manylinux_2_17_x86_64.manylinux2014_x86_64.whl (13.1 MB)
deploy	Build e Push Docker Image	2025-03-07T08:22:19.4392972Z #9 3.160      ━━━━━━━━━━━━━━━━━━━━━━━━━━━━━━━━━━━━━━━ 13.1/13.1 MB 207.1 MB/s eta 0:00:00
deploy	Build e Push Docker Image	2025-03-07T08:22:19.5114548Z #9 3.382 Collecting scikit-learn
deploy	Build e Push Docker Image	2025-03-07T08:22:19.6388422Z #9 3.403   Downloading scikit_learn-1.6.1-cp39-cp39-manylinux_2_17_x86_64.manylinux2014_x86_64.whl (13.5 MB)
deploy	Build e Push Docker Image	2025-03-07T08:22:19.7470475Z #9 3.510      ━━━━━━━━━━━━━━━━━━━━━━━━━━━━━━━━━━━━━━━ 13.5/13.5 MB 116.1 MB/s eta 0:00:00
deploy	Build e Push Docker Image	2025-03-07T08:22:19.7471260Z #9 3.618 Collecting xgboost
deploy	Build e Push Docker Image	2025-03-07T08:22:19.9185635Z #9 3.639   Downloading xgboost-2.1.4-py3-none-manylinux_2_28_x86_64.whl (223.6 MB)
deploy	Build e Push Docker Image	2025-03-07T08:22:21.1233099Z #9 4.844      ━━━━━━━━━━━━━━━━━━━━━━━━━━━━━━━━━━━━━ 223.6/223.6 MB 202.0 MB/s eta 0:00:00
deploy	Build e Push Docker Image	2025-03-07T08:22:21.2366536Z #9 5.108 Collecting stable-baselines3
deploy	Build e Push Docker Image	2025-03-07T08:22:21.3865476Z #9 5.128   Downloading stable_baselines3-2.5.0-py3-none-any.whl (183 kB)
deploy	Build e Push Docker Image	2025-03-07T08:22:21.3866881Z #9 5.131      ━━━━━━━━━━━━━━━━━━━━━━━━━━━━━━━━━━━━━ 183.9/183.9 kB 240.5 MB/s eta 0:00:00
deploy	Build e Push Docker Image	2025-03-07T08:22:21.3867971Z #9 5.158 Collecting gym
deploy	Build e Push Docker Image	2025-03-07T08:22:21.3868445Z #9 5.178   Downloading gym-0.26.2.tar.gz (721 kB)
deploy	Build e Push Docker Image	2025-03-07T08:22:21.3869291Z #9 5.183      ━━━━━━━━━━━━━━━━━━━━━━━━━━━━━━━━━━━━━ 721.7/721.7 kB 244.8 MB/s eta 0:00:00
deploy	Build e Push Docker Image	2025-03-07T08:22:21.3870309Z #9 5.257   Installing build dependencies: started
deploy	Build e Push Docker Image	2025-03-07T08:22:23.2495745Z #9 7.120   Installing build dependencies: finished with status 'done'
deploy	Build e Push Docker Image	2025-03-07T08:22:23.4012769Z #9 7.122   Getting requirements to build wheel: started
deploy	Build e Push Docker Image	2025-03-07T08:22:23.4724955Z #9 7.343   Getting requirements to build wheel: finished with status 'done'
deploy	Build e Push Docker Image	2025-03-07T08:22:23.6246427Z #9 7.345   Preparing metadata (pyproject.toml): started
deploy	Build e Push Docker Image	2025-03-07T08:22:23.6952299Z #9 7.566   Preparing metadata (pyproject.toml): finished with status 'done'
deploy	Build e Push Docker Image	2025-03-07T08:22:23.8062226Z #9 7.602 Collecting joblib
deploy	Build e Push Docker Image	2025-03-07T08:22:23.8062841Z #9 7.622   Downloading joblib-1.4.2-py3-none-any.whl (301 kB)
deploy	Build e Push Docker Image	2025-03-07T08:22:23.8063901Z #9 7.626      ━━━━━━━━━━━━━━━━━━━━━━━━━━━━━━━━━━━━━ 301.8/301.8 kB 234.9 MB/s eta 0:00:00
deploy	Build e Push Docker Image	2025-03-07T08:22:23.8064494Z #9 7.677 Collecting typing-extensions>=4.8.0
deploy	Build e Push Docker Image	2025-03-07T08:22:24.0543073Z #9 7.697   Downloading typing_extensions-4.12.2-py3-none-any.whl (37 kB)
deploy	Build e Push Docker Image	2025-03-07T08:22:24.0543839Z #9 7.752 Collecting starlette<0.47.0,>=0.40.0
deploy	Build e Push Docker Image	2025-03-07T08:22:24.0544463Z #9 7.772   Downloading starlette-0.46.0-py3-none-any.whl (71 kB)
deploy	Build e Push Docker Image	2025-03-07T08:22:24.0545497Z #9 7.774      ━━━━━━━━━━━━━━━━━━━━━━━━━━━━━━━━━━━━━━━ 72.0/72.0 kB 207.9 MB/s eta 0:00:00
deploy	Build e Push Docker Image	2025-03-07T08:22:24.2171609Z #9 8.088 Collecting pydantic!=1.8,!=1.8.1,!=2.0.0,!=2.0.1,!=2.1.0,<3.0.0,>=1.7.4
deploy	Build e Push Docker Image	2025-03-07T08:22:24.3272634Z #9 8.108   Downloading pydantic-2.10.6-py3-none-any.whl (431 kB)
deploy	Build e Push Docker Image	2025-03-07T08:22:24.3273744Z #9 8.112      ━━━━━━━━━━━━━━━━━━━━━━━━━━━━━━━━━━━━━ 431.7/431.7 kB 265.6 MB/s eta 0:00:00
deploy	Build e Push Docker Image	2025-03-07T08:22:24.3274138Z #9 8.157 Collecting click>=7.0
deploy	Build e Push Docker Image	2025-03-07T08:22:24.3274522Z #9 8.178   Downloading click-8.1.8-py3-none-any.whl (98 kB)
deploy	Build e Push Docker Image	2025-03-07T08:22:24.3275071Z #9 8.180      ━━━━━━━━━━━━━━━━━━━━━━━━━━━━━━━━━━━━━━━ 98.2/98.2 kB 227.5 MB/s eta 0:00:00
deploy	Build e Push Docker Image	2025-03-07T08:22:24.3275448Z #9 8.198 Collecting h11>=0.8
deploy	Build e Push Docker Image	2025-03-07T08:22:24.4664048Z #9 8.219   Downloading h11-0.14.0-py3-none-any.whl (58 kB)
deploy	Build e Push Docker Image	2025-03-07T08:22:24.4665148Z #9 8.221      ━━━━━━━━━━━━━━━━━━━━━━━━━━━━━━━━━━━━━━━ 58.3/58.3 kB 201.5 MB/s eta 0:00:00
deploy	Build e Push Docker Image	2025-03-07T08:22:24.4665558Z #9 8.337 Collecting tzdata>=2022.7
deploy	Build e Push Docker Image	2025-03-07T08:22:24.6438359Z #9 8.357   Downloading tzdata-2025.1-py2.py3-none-any.whl (346 kB)
deploy	Build e Push Docker Image	2025-03-07T08:22:24.6439402Z #9 8.361      ━━━━━━━━━━━━━━━━━━━━━━━━━━━━━━━━━━━━━ 346.8/346.8 kB 261.0 MB/s eta 0:00:00
deploy	Build e Push Docker Image	2025-03-07T08:22:24.6439791Z #9 8.395 Collecting python-dateutil>=2.8.2
deploy	Build e Push Docker Image	2025-03-07T08:22:24.6440237Z #9 8.416   Downloading python_dateutil-2.9.0.post0-py2.py3-none-any.whl (229 kB)
deploy	Build e Push Docker Image	2025-03-07T08:22:24.6440831Z #9 8.419      ━━━━━━━━━━━━━━━━━━━━━━━━━━━━━━━━━━━━━ 229.9/229.9 kB 247.0 MB/s eta 0:00:00
deploy	Build e Push Docker Image	2025-03-07T08:22:24.6441182Z #9 8.515 Collecting pytz>=2020.1
deploy	Build e Push Docker Image	2025-03-07T08:22:24.8190867Z #9 8.535   Downloading pytz-2025.1-py2.py3-none-any.whl (507 kB)
deploy	Build e Push Docker Image	2025-03-07T08:22:24.8191781Z #9 8.539      ━━━━━━━━━━━━━━━━━━━━━━━━━━━━━━━━━━━━━ 507.9/507.9 kB 261.1 MB/s eta 0:00:00
deploy	Build e Push Docker Image	2025-03-07T08:22:25.0011440Z #9 8.872 Collecting scipy>=1.6.0
deploy	Build e Push Docker Image	2025-03-07T08:22:25.1722668Z #9 8.893   Downloading scipy-1.13.1-cp39-cp39-manylinux_2_17_x86_64.manylinux2014_x86_64.whl (38.6 MB)
deploy	Build e Push Docker Image	2025-03-07T08:22:25.3644187Z #9 9.117      ━━━━━━━━━━━━━━━━━━━━━━━━━━━━━━━━━━━━━━━ 38.6/38.6 MB 170.8 MB/s eta 0:00:00
deploy	Build e Push Docker Image	2025-03-07T08:22:25.3644725Z #9 9.186 Collecting threadpoolctl>=3.1.0
deploy	Build e Push Docker Image	2025-03-07T08:22:25.3645170Z #9 9.207   Downloading threadpoolctl-3.5.0-py3-none-any.whl (18 kB)
deploy	Build e Push Docker Image	2025-03-07T08:22:25.3645604Z #9 9.235 Collecting nvidia-nccl-cu12
deploy	Build e Push Docker Image	2025-03-07T08:22:25.5353256Z #9 9.256   Downloading nvidia_nccl_cu12-2.25.1-py3-none-manylinux2014_x86_64.manylinux_2_17_x86_64.whl (201.4 MB)
deploy	Build e Push Docker Image	2025-03-07T08:22:26.6449734Z #9 10.37      ━━━━━━━━━━━━━━━━━━━━━━━━━━━━━━━━━━━━━ 201.4/201.4 MB 145.9 MB/s eta 0:00:00
deploy	Build e Push Docker Image	2025-03-07T08:22:26.7377676Z #9 10.61 Collecting cloudpickle
deploy	Build e Push Docker Image	2025-03-07T08:22:26.9085963Z #9 10.63   Downloading cloudpickle-3.1.1-py3-none-any.whl (20 kB)
deploy	Build e Push Docker Image	2025-03-07T08:22:27.0873821Z #9 10.96 Collecting matplotlib
deploy	Build e Push Docker Image	2025-03-07T08:22:27.2061048Z #9 10.98   Downloading matplotlib-3.9.4-cp39-cp39-manylinux_2_17_x86_64.manylinux2014_x86_64.whl (8.3 MB)
deploy	Build e Push Docker Image	2025-03-07T08:22:27.2062379Z #9 11.02      ━━━━━━━━━━━━━━━━━━━━━━━━━━━━━━━━━━━━━━━━ 8.3/8.3 MB 197.1 MB/s eta 0:00:00
deploy	Build e Push Docker Image	2025-03-07T08:22:27.2062982Z #9 11.06 Collecting gymnasium<1.1.0,>=0.29.1
deploy	Build e Push Docker Image	2025-03-07T08:22:27.2063962Z #9 11.08   Downloading gymnasium-1.0.0-py3-none-any.whl (958 kB)
deploy	Build e Push Docker Image	2025-03-07T08:22:27.3332968Z #9 11.08      ━━━━━━━━━━━━━━━━━━━━━━━━━━━━━━━━━━━━━ 958.1/958.1 kB 255.0 MB/s eta 0:00:00
deploy	Build e Push Docker Image	2025-03-07T08:22:27.3334368Z #9 11.20 Collecting torch<3.0,>=2.3
deploy	Build e Push Docker Image	2025-03-07T08:22:27.5050096Z #9 11.23   Downloading torch-2.6.0-cp39-cp39-manylinux1_x86_64.whl (766.7 MB)
deploy	Build e Push Docker Image	2025-03-07T08:22:31.9943784Z #9 15.71      ━━━━━━━━━━━━━━━━━━━━━━━━━━━━━━━━━━━━━ 766.7/766.7 MB 189.9 MB/s eta 0:00:00
deploy	Build e Push Docker Image	2025-03-07T08:22:32.7565222Z #9 16.63 Collecting gym_notices>=0.0.4
deploy	Build e Push Docker Image	2025-03-07T08:22:32.8679505Z #9 16.65   Downloading gym_notices-0.0.8-py3-none-any.whl (3.0 kB)
deploy	Build e Push Docker Image	2025-03-07T08:22:32.8680370Z #9 16.74 Collecting importlib_metadata>=4.8.0
deploy	Build e Push Docker Image	2025-03-07T08:22:32.9745983Z #9 16.76   Downloading importlib_metadata-8.6.1-py3-none-any.whl (26 kB)
deploy	Build e Push Docker Image	2025-03-07T08:22:32.9746671Z #9 16.85 Collecting farama-notifications>=0.0.1
deploy	Build e Push Docker Image	2025-03-07T08:22:33.0868384Z #9 16.87   Downloading Farama_Notifications-0.0.4-py3-none-any.whl (2.5 kB)
deploy	Build e Push Docker Image	2025-03-07T08:22:33.0868988Z #9 16.94 Collecting zipp>=3.20
deploy	Build e Push Docker Image	2025-03-07T08:22:33.0869347Z #9 16.96   Downloading zipp-3.21.0-py3-none-any.whl (9.6 kB)
deploy	Build e Push Docker Image	2025-03-07T08:22:34.6682259Z #9 18.54 Collecting pydantic-core==2.27.2
deploy	Build e Push Docker Image	2025-03-07T08:22:34.7772920Z #9 18.56   Downloading pydantic_core-2.27.2-cp39-cp39-manylinux_2_17_x86_64.manylinux2014_x86_64.whl (2.0 MB)
deploy	Build e Push Docker Image	2025-03-07T08:22:34.7774003Z #9 18.57      ━━━━━━━━━━━━━━━━━━━━━━━━━━━━━━━━━━━━━━━━ 2.0/2.0 MB 203.6 MB/s eta 0:00:00
deploy	Build e Push Docker Image	2025-03-07T08:22:34.7774408Z #9 18.60 Collecting annotated-types>=0.6.0
deploy	Build e Push Docker Image	2025-03-07T08:22:34.7774862Z #9 18.62   Downloading annotated_types-0.7.0-py3-none-any.whl (13 kB)
deploy	Build e Push Docker Image	2025-03-07T08:22:34.7775280Z #9 18.65 Collecting six>=1.5
deploy	Build e Push Docker Image	2025-03-07T08:22:34.9173379Z #9 18.70   Downloading six-1.17.0-py2.py3-none-any.whl (11 kB)
deploy	Build e Push Docker Image	2025-03-07T08:22:34.9174226Z #9 18.79 Collecting anyio<5,>=3.6.2
deploy	Build e Push Docker Image	2025-03-07T08:22:35.0577532Z #9 18.81   Downloading anyio-4.8.0-py3-none-any.whl (96 kB)
deploy	Build e Push Docker Image	2025-03-07T08:22:35.0578702Z #9 18.81      ━━━━━━━━━━━━━━━━━━━━━━━━━━━━━━━━━━━━━━━ 96.0/96.0 kB 236.9 MB/s eta 0:00:00
deploy	Build e Push Docker Image	2025-03-07T08:22:35.0579209Z #9 18.89 Collecting nvidia-curand-cu12==10.3.5.147
deploy	Build e Push Docker Image	2025-03-07T08:22:35.0579772Z #9 18.93   Downloading nvidia_curand_cu12-10.3.5.147-py3-none-manylinux2014_x86_64.whl (56.3 MB)
deploy	Build e Push Docker Image	2025-03-07T08:22:35.4692948Z #9 19.23      ━━━━━━━━━━━━━━━━━━━━━━━━━━━━━━━━━━━━━━━ 56.3/56.3 MB 181.1 MB/s eta 0:00:00
deploy	Build e Push Docker Image	2025-03-07T08:22:35.4693551Z #9 19.32 Collecting filelock
deploy	Build e Push Docker Image	2025-03-07T08:22:35.4693938Z #9 19.34   Downloading filelock-3.17.0-py3-none-any.whl (16 kB)
deploy	Build e Push Docker Image	2025-03-07T08:22:35.6558545Z #9 19.36 Collecting nvidia-cusparselt-cu12==0.6.2
deploy	Build e Push Docker Image	2025-03-07T08:22:35.6559494Z #9 19.38   Downloading nvidia_cusparselt_cu12-0.6.2-py3-none-manylinux2014_x86_64.whl (150.1 MB)
deploy	Build e Push Docker Image	2025-03-07T08:22:36.3769088Z #9 20.10      ━━━━━━━━━━━━━━━━━━━━━━━━━━━━━━━━━━━━━ 150.1/150.1 MB 212.6 MB/s eta 0:00:00
deploy	Build e Push Docker Image	2025-03-07T08:22:36.3932482Z #9 20.26 Collecting nvidia-cuda-runtime-cu12==12.4.127
deploy	Build e Push Docker Image	2025-03-07T08:22:36.5083252Z #9 20.28   Downloading nvidia_cuda_runtime_cu12-12.4.127-py3-none-manylinux2014_x86_64.whl (883 kB)
deploy	Build e Push Docker Image	2025-03-07T08:22:36.5084311Z #9 20.29      ━━━━━━━━━━━━━━━━━━━━━━━━━━━━━━━━━━━━━ 883.7/883.7 kB 208.4 MB/s eta 0:00:00
deploy	Build e Push Docker Image	2025-03-07T08:22:36.5084668Z #9 20.33 Collecting fsspec
deploy	Build e Push Docker Image	2025-03-07T08:22:36.5084997Z #9 20.35   Downloading fsspec-2025.2.0-py3-none-any.whl (184 kB)
deploy	Build e Push Docker Image	2025-03-07T08:22:36.5085513Z #9 20.36      ━━━━━━━━━━━━━━━━━━━━━━━━━━━━━━━━━━━━━ 184.5/184.5 kB 258.3 MB/s eta 0:00:00
deploy	Build e Push Docker Image	2025-03-07T08:22:36.5085876Z #9 20.38 Collecting nvidia-cufft-cu12==11.2.1.3
deploy	Build e Push Docker Image	2025-03-07T08:22:36.6793084Z #9 20.40   Downloading nvidia_cufft_cu12-11.2.1.3-py3-none-manylinux2014_x86_64.whl (211.5 MB)
deploy	Build e Push Docker Image	2025-03-07T08:22:37.8599257Z #9 21.58      ━━━━━━━━━━━━━━━━━━━━━━━━━━━━━━━━━━━━━ 211.5/211.5 MB 187.5 MB/s eta 0:00:00
deploy	Build e Push Docker Image	2025-03-07T08:22:37.9376884Z #9 21.81 Collecting nvidia-cusolver-cu12==11.6.1.9
deploy	Build e Push Docker Image	2025-03-07T08:22:38.1091905Z #9 21.83   Downloading nvidia_cusolver_cu12-11.6.1.9-py3-none-manylinux2014_x86_64.whl (127.9 MB)
deploy	Build e Push Docker Image	2025-03-07T08:22:38.7624231Z #9 22.48      ━━━━━━━━━━━━━━━━━━━━━━━━━━━━━━━━━━━━━ 127.9/127.9 MB 173.6 MB/s eta 0:00:00
deploy	Build e Push Docker Image	2025-03-07T08:22:38.7625578Z #9 22.63 Collecting triton==3.2.0
deploy	Build e Push Docker Image	2025-03-07T08:22:38.9342422Z #9 22.65   Downloading triton-3.2.0-cp39-cp39-manylinux_2_17_x86_64.manylinux2014_x86_64.whl (253.1 MB)
deploy	Build e Push Docker Image	2025-03-07T08:22:40.2071471Z #9 23.93      ━━━━━━━━━━━━━━━━━━━━━━━━━━━━━━━━━━━━━ 253.1/253.1 MB 202.7 MB/s eta 0:00:00
deploy	Build e Push Docker Image	2025-03-07T08:22:40.3423647Z #9 24.21 Collecting networkx
deploy	Build e Push Docker Image	2025-03-07T08:22:40.5802137Z #9 24.23   Downloading networkx-3.2.1-py3-none-any.whl (1.6 MB)
deploy	Build e Push Docker Image	2025-03-07T08:22:40.5803222Z #9 24.24      ━━━━━━━━━━━━━━━━━━━━━━━━━━━━━━━━━━━━━━━━ 1.6/1.6 MB 214.7 MB/s eta 0:00:00
deploy	Build e Push Docker Image	2025-03-07T08:22:40.5805420Z #9 24.28 Collecting nvidia-cublas-cu12==12.4.5.8
deploy	Build e Push Docker Image	2025-03-07T08:22:40.5806648Z #9 24.30   Downloading nvidia_cublas_cu12-12.4.5.8-py3-none-manylinux2014_x86_64.whl (363.4 MB)
deploy	Build e Push Docker Image	2025-03-07T08:22:42.3951967Z #9 26.12      ━━━━━━━━━━━━━━━━━━━━━━━━━━━━━━━━━━━━━ 363.4/363.4 MB 214.4 MB/s eta 0:00:00
deploy	Build e Push Docker Image	2025-03-07T08:22:42.6175540Z #9 26.49 Collecting nvidia-cuda-cupti-cu12==12.4.127
deploy	Build e Push Docker Image	2025-03-07T08:22:42.7183875Z #9 26.51   Downloading nvidia_cuda_cupti_cu12-12.4.127-py3-none-manylinux2014_x86_64.whl (13.8 MB)
deploy	Build e Push Docker Image	2025-03-07T08:22:42.9049079Z #9 26.59      ━━━━━━━━━━━━━━━━━━━━━━━━━━━━━━━━━━━━━━━ 13.8/13.8 MB 167.6 MB/s eta 0:00:00
deploy	Build e Push Docker Image	2025-03-07T08:22:42.9049609Z #9 26.63 Collecting nvidia-cuda-nvrtc-cu12==12.4.127
deploy	Build e Push Docker Image	2025-03-07T08:22:42.9050181Z #9 26.65   Downloading nvidia_cuda_nvrtc_cu12-12.4.127-py3-none-manylinux2014_x86_64.whl (24.6 MB)
deploy	Build e Push Docker Image	2025-03-07T08:22:43.0063469Z #9 26.78      ━━━━━━━━━━━━━━━━━━━━━━━━━━━━━━━━━━━━━━━ 24.6/24.6 MB 200.0 MB/s eta 0:00:00
deploy	Build e Push Docker Image	2025-03-07T08:22:43.0064183Z #9 26.83 Collecting nvidia-nvtx-cu12==12.4.127
deploy	Build e Push Docker Image	2025-03-07T08:22:43.0064864Z #9 26.85   Downloading nvidia_nvtx_cu12-12.4.127-py3-none-manylinux2014_x86_64.whl (99 kB)
deploy	Build e Push Docker Image	2025-03-07T08:22:43.0066301Z #9 26.85      ━━━━━━━━━━━━━━━━━━━━━━━━━━━━━━━━━━━━━━━ 99.1/99.1 kB 205.1 MB/s eta 0:00:00
deploy	Build e Push Docker Image	2025-03-07T08:22:43.0066839Z #9 26.88 Collecting jinja2
deploy	Build e Push Docker Image	2025-03-07T08:22:43.2107231Z #9 26.90   Downloading jinja2-3.1.6-py3-none-any.whl (134 kB)
deploy	Build e Push Docker Image	2025-03-07T08:22:43.2108415Z #9 26.90      ━━━━━━━━━━━━━━━━━━━━━━━━━━━━━━━━━━━━━ 134.9/134.9 kB 215.5 MB/s eta 0:00:00
deploy	Build e Push Docker Image	2025-03-07T08:22:43.2111631Z #9 26.91 Collecting nvidia-nccl-cu12
deploy	Build e Push Docker Image	2025-03-07T08:22:43.2112349Z #9 26.93   Downloading nvidia_nccl_cu12-2.21.5-py3-none-manylinux2014_x86_64.whl (188.7 MB)
deploy	Build e Push Docker Image	2025-03-07T08:22:44.1686061Z #9 27.89      ━━━━━━━━━━━━━━━━━━━━━━━━━━━━━━━━━━━━━ 188.7/188.7 MB 196.3 MB/s eta 0:00:00
deploy	Build e Push Docker Image	2025-03-07T08:22:44.2223586Z #9 28.09 Collecting nvidia-cusparse-cu12==12.3.1.170
deploy	Build e Push Docker Image	2025-03-07T08:22:44.3939459Z #9 28.11   Downloading nvidia_cusparse_cu12-12.3.1.170-py3-none-manylinux2014_x86_64.whl (207.5 MB)
deploy	Build e Push Docker Image	2025-03-07T08:22:45.7978032Z #9 29.52      ━━━━━━━━━━━━━━━━━━━━━━━━━━━━━━━━━━━━━ 207.5/207.5 MB 191.9 MB/s eta 0:00:00
deploy	Build e Push Docker Image	2025-03-07T08:22:45.8705844Z #9 29.74 Collecting nvidia-nvjitlink-cu12==12.4.127
deploy	Build e Push Docker Image	2025-03-07T08:22:46.0126314Z #9 29.76   Downloading nvidia_nvjitlink_cu12-12.4.127-py3-none-manylinux2014_x86_64.whl (21.1 MB)
deploy	Build e Push Docker Image	2025-03-07T08:22:46.1415972Z #9 29.88      ━━━━━━━━━━━━━━━━━━━━━━━━━━━━━━━━━━━━━━━ 21.1/21.1 MB 170.5 MB/s eta 0:00:00
deploy	Build e Push Docker Image	2025-03-07T08:22:46.1417377Z #9 30.01 Collecting nvidia-cudnn-cu12==9.1.0.70
deploy	Build e Push Docker Image	2025-03-07T08:22:46.3132983Z #9 30.03   Downloading nvidia_cudnn_cu12-9.1.0.70-py3-none-manylinux2014_x86_64.whl (664.8 MB)
deploy	Build e Push Docker Image	2025-03-07T08:22:49.7343338Z #9 33.45      ━━━━━━━━━━━━━━━━━━━━━━━━━━━━━━━━━━━━━ 664.8/664.8 MB 179.9 MB/s eta 0:00:00
deploy	Build e Push Docker Image	2025-03-07T08:22:50.2556473Z #9 34.13 Collecting sympy==1.13.1
deploy	Build e Push Docker Image	2025-03-07T08:22:50.3945228Z #9 34.15   Downloading sympy-1.13.1-py3-none-any.whl (6.2 MB)
deploy	Build e Push Docker Image	2025-03-07T08:22:50.3946749Z #9 34.18      ━━━━━━━━━━━━━━━━━━━━━━━━━━━━━━━━━━━━━━━━ 6.2/6.2 MB 228.2 MB/s eta 0:00:00
deploy	Build e Push Docker Image	2025-03-07T08:22:50.3947588Z #9 34.27 Collecting mpmath<1.4,>=1.1.0
deploy	Build e Push Docker Image	2025-03-07T08:22:50.5700638Z #9 34.29   Downloading mpmath-1.3.0-py3-none-any.whl (536 kB)
deploy	Build e Push Docker Image	2025-03-07T08:22:50.5701790Z #9 34.29      ━━━━━━━━━━━━━━━━━━━━━━━━━━━━━━━━━━━━━ 536.2/536.2 kB 265.8 MB/s eta 0:00:00
deploy	Build e Push Docker Image	2025-03-07T08:22:50.6140483Z #9 34.48 Collecting contourpy>=1.0.1
deploy	Build e Push Docker Image	2025-03-07T08:22:50.7893703Z #9 34.51   Downloading contourpy-1.3.0-cp39-cp39-manylinux_2_17_x86_64.manylinux2014_x86_64.whl (321 kB)
deploy	Build e Push Docker Image	2025-03-07T08:22:50.7895030Z #9 34.51      ━━━━━━━━━━━━━━━━━━━━━━━━━━━━━━━━━━━━━ 321.9/321.9 kB 252.8 MB/s eta 0:00:00
deploy	Build e Push Docker Image	2025-03-07T08:22:51.0269451Z #9 34.90 Collecting pillow>=8
deploy	Build e Push Docker Image	2025-03-07T08:22:51.1294624Z #9 34.92   Downloading pillow-11.1.0-cp39-cp39-manylinux_2_28_x86_64.whl (4.5 MB)
deploy	Build e Push Docker Image	2025-03-07T08:22:51.1295568Z #9 34.94      ━━━━━━━━━━━━━━━━━━━━━━━━━━━━━━━━━━━━━━━━ 4.5/4.5 MB 230.8 MB/s eta 0:00:00
deploy	Build e Push Docker Image	2025-03-07T08:22:51.1295966Z #9 34.98 Collecting packaging>=20.0
deploy	Build e Push Docker Image	2025-03-07T08:22:51.1296367Z #9 35.00   Downloading packaging-24.2-py3-none-any.whl (65 kB)
deploy	Build e Push Docker Image	2025-03-07T08:22:51.2449228Z #9 35.00      ━━━━━━━━━━━━━━━━━━━━━━━━━━━━━━━━━━━━━━━ 65.5/65.5 kB 190.9 MB/s eta 0:00:00
deploy	Build e Push Docker Image	2025-03-07T08:22:51.2450149Z #9 35.02 Collecting cycler>=0.10
deploy	Build e Push Docker Image	2025-03-07T08:22:51.2450639Z #9 35.04   Downloading cycler-0.12.1-py3-none-any.whl (8.3 kB)
deploy	Build e Push Docker Image	2025-03-07T08:22:51.2451195Z #9 35.10 Collecting importlib-resources>=3.2.0
deploy	Build e Push Docker Image	2025-03-07T08:22:51.2451834Z #9 35.12   Downloading importlib_resources-6.5.2-py3-none-any.whl (37 kB)
deploy	Build e Push Docker Image	2025-03-07T08:22:51.4681621Z #9 35.18 Collecting pyparsing>=2.3.1
deploy	Build e Push Docker Image	2025-03-07T08:22:51.4682149Z #9 35.20   Downloading pyparsing-3.2.1-py3-none-any.whl (107 kB)
deploy	Build e Push Docker Image	2025-03-07T08:22:51.4682865Z #9 35.21      ━━━━━━━━━━━━━━━━━━━━━━━━━━━━━━━━━━━━━ 107.7/107.7 kB 216.7 MB/s eta 0:00:00
deploy	Build e Push Docker Image	2025-03-07T08:22:51.4683233Z #9 35.34 Collecting kiwisolver>=1.3.1
deploy	Build e Push Docker Image	2025-03-07T08:22:51.6494086Z #9 35.36   Downloading kiwisolver-1.4.7-cp39-cp39-manylinux_2_12_x86_64.manylinux2010_x86_64.whl (1.6 MB)
deploy	Build e Push Docker Image	2025-03-07T08:22:51.6495415Z #9 35.37      ━━━━━━━━━━━━━━━━━━━━━━━━━━━━━━━━━━━━━━━━ 1.6/1.6 MB 216.8 MB/s eta 0:00:00
deploy	Build e Push Docker Image	2025-03-07T08:22:51.8065016Z #9 35.68 Collecting fonttools>=4.22.0
deploy	Build e Push Docker Image	2025-03-07T08:22:51.9141051Z #9 35.70   Downloading fonttools-4.56.0-cp39-cp39-manylinux_2_17_x86_64.manylinux2014_x86_64.whl (4.6 MB)
deploy	Build e Push Docker Image	2025-03-07T08:22:51.9142391Z #9 35.72      ━━━━━━━━━━━━━━━━━━━━━━━━━━━━━━━━━━━━━━━━ 4.6/4.6 MB 236.4 MB/s eta 0:00:00
deploy	Build e Push Docker Image	2025-03-07T08:22:51.9143446Z #9 35.78 Collecting idna>=2.8
deploy	Build e Push Docker Image	2025-03-07T08:22:52.0201310Z #9 35.81   Downloading idna-3.10-py3-none-any.whl (70 kB)
deploy	Build e Push Docker Image	2025-03-07T08:22:52.0202385Z #9 35.81      ━━━━━━━━━━━━━━━━━━━━━━━━━━━━━━━━━━━━━━━ 70.4/70.4 kB 167.0 MB/s eta 0:00:00
deploy	Build e Push Docker Image	2025-03-07T08:22:52.0202753Z #9 35.83 Collecting sniffio>=1.1
deploy	Build e Push Docker Image	2025-03-07T08:22:52.0203096Z #9 35.85   Downloading sniffio-1.3.1-py3-none-any.whl (10 kB)
deploy	Build e Push Docker Image	2025-03-07T08:22:52.0203461Z #9 35.87 Collecting exceptiongroup>=1.0.2
deploy	Build e Push Docker Image	2025-03-07T08:22:52.0203868Z #9 35.89   Downloading exceptiongroup-1.2.2-py3-none-any.whl (16 kB)
deploy	Build e Push Docker Image	2025-03-07T08:22:52.5120219Z #9 36.38 Collecting MarkupSafe>=2.0
deploy	Build e Push Docker Image	2025-03-07T08:22:52.7560984Z #9 36.40   Downloading MarkupSafe-3.0.2-cp39-cp39-manylinux_2_17_x86_64.manylinux2014_x86_64.whl (20 kB)
deploy	Build e Push Docker Image	2025-03-07T08:22:52.7561666Z #9 36.48 Building wheels for collected packages: gym
deploy	Build e Push Docker Image	2025-03-07T08:22:52.7562078Z #9 36.48   Building wheel for gym (pyproject.toml): started
deploy	Build e Push Docker Image	2025-03-07T08:22:53.0346732Z #9 36.91   Building wheel for gym (pyproject.toml): finished with status 'done'
deploy	Build e Push Docker Image	2025-03-07T08:22:53.1917357Z #9 36.91   Created wheel for gym: filename=gym-0.26.2-py3-none-any.whl size=827696 sha256=285d4cc24b229d48c3a98effbd7eb3758578ead97e8878216eaa4172733ac7a1
deploy	Build e Push Docker Image	2025-03-07T08:22:53.1918498Z #9 36.91   Stored in directory: /tmp/pip-ephem-wheel-cache-1h33svka/wheels/af/2b/30/5e78b8b9599f2a2286a582b8da80594f654bf0e18d825a4405
deploy	Build e Push Docker Image	2025-03-07T08:22:53.1919165Z #9 36.91 Successfully built gym
deploy	Build e Push Docker Image	2025-03-07T08:22:53.8277947Z #9 37.70 Installing collected packages: triton, pytz, nvidia-cusparselt-cu12, mpmath, gym_notices, farama-notifications, zipp, tzdata, typing-extensions, threadpoolctl, sympy, sniffio, six, pyparsing, pillow, packaging, nvidia-nvtx-cu12, nvidia-nvjitlink-cu12, nvidia-nccl-cu12, nvidia-curand-cu12, nvidia-cufft-cu12, nvidia-cuda-runtime-cu12, nvidia-cuda-nvrtc-cu12, nvidia-cuda-cupti-cu12, nvidia-cublas-cu12, numpy, networkx, MarkupSafe, kiwisolver, joblib, idna, h11, fsspec, fonttools, filelock, exceptiongroup, cycler, cloudpickle, click, annotated-types, uvicorn, scipy, python-dateutil, pydantic-core, nvidia-cusparse-cu12, nvidia-cudnn-cu12, jinja2, importlib-resources, importlib_metadata, contourpy, anyio, xgboost, starlette, scikit-learn, pydantic, pandas, nvidia-cusolver-cu12, matplotlib, gymnasium, gym, torch, fastapi, stable-baselines3
deploy	Build e Push Docker Image	2025-03-07T08:23:57.0777741Z #9 100.9 Successfully installed MarkupSafe-3.0.2 annotated-types-0.7.0 anyio-4.8.0 click-8.1.8 cloudpickle-3.1.1 contourpy-1.3.0 cycler-0.12.1 exceptiongroup-1.2.2 farama-notifications-0.0.4 fastapi-0.115.11 filelock-3.17.0 fonttools-4.56.0 fsspec-2025.2.0 gym-0.26.2 gym_notices-0.0.8 gymnasium-1.0.0 h11-0.14.0 idna-3.10 importlib-resources-6.5.2 importlib_metadata-8.6.1 jinja2-3.1.6 joblib-1.4.2 kiwisolver-1.4.7 matplotlib-3.9.4 mpmath-1.3.0 networkx-3.2.1 numpy-2.0.2 nvidia-cublas-cu12-12.4.5.8 nvidia-cuda-cupti-cu12-12.4.127 nvidia-cuda-nvrtc-cu12-12.4.127 nvidia-cuda-runtime-cu12-12.4.127 nvidia-cudnn-cu12-9.1.0.70 nvidia-cufft-cu12-11.2.1.3 nvidia-curand-cu12-10.3.5.147 nvidia-cusolver-cu12-11.6.1.9 nvidia-cusparse-cu12-12.3.1.170 nvidia-cusparselt-cu12-0.6.2 nvidia-nccl-cu12-2.21.5 nvidia-nvjitlink-cu12-12.4.127 nvidia-nvtx-cu12-12.4.127 packaging-24.2 pandas-2.2.3 pillow-11.1.0 pydantic-2.10.6 pydantic-core-2.27.2 pyparsing-3.2.1 python-dateutil-2.9.0.post0 pytz-2025.1 scikit-learn-1.6.1 scipy-1.13.1 six-1.17.0 sniffio-1.3.1 stable-baselines3-2.5.0 starlette-0.46.0 sympy-1.13.1 threadpoolctl-3.5.0 torch-2.6.0 triton-3.2.0 typing-extensions-4.12.2 tzdata-2025.1 uvicorn-0.34.0 xgboost-2.1.4 zipp-3.21.0
deploy	Build e Push Docker Image	2025-03-07T08:23:57.1853008Z #9 100.9 WARNING: Running pip as the 'root' user can result in broken permissions and conflicting behaviour with the system package manager. It is recommended to use a virtual environment instead: https://pip.pypa.io/warnings/venv
deploy	Build e Push Docker Image	2025-03-07T08:23:57.1855003Z #9 101.1 
deploy	Build e Push Docker Image	2025-03-07T08:23:57.1855369Z #9 101.1 [notice] A new release of pip is available: 23.0.1 -> 25.0.1
deploy	Build e Push Docker Image	2025-03-07T08:23:57.1855857Z #9 101.1 [notice] To update, run: pip install --upgrade pip
deploy	Build e Push Docker Image	2025-03-07T08:23:59.5337951Z #9 DONE 103.4s
deploy	Build e Push Docker Image	2025-03-07T08:23:59.6871851Z 
deploy	Build e Push Docker Image	2025-03-07T08:23:59.6872938Z #10 exporting to image
deploy	Build e Push Docker Image	2025-03-07T08:23:59.6873800Z #10 exporting layers
deploy	Build e Push Docker Image	2025-03-07T08:24:13.9355148Z #10 exporting layers 14.4s done
deploy	Build e Push Docker Image	2025-03-07T08:24:13.9613827Z #10 writing image sha256:afe6777ad1d6be41ac32588c7b215a95a3ff84a88bfc04fcdfbd84dc511e980f done
deploy	Build e Push Docker Image	2025-03-07T08:24:13.9615339Z #10 naming to us-central1-docker.pkg.dev/trading90/trading-ai-repo/trading-ai-service:08a420a4779bfda43184afa7f316e51b0a22b11a done
deploy	Build e Push Docker Image	2025-03-07T08:24:13.9616030Z #10 DONE 14.4s
deploy	Build e Push Docker Image	2025-03-07T08:24:15.5940926Z ERROR: (gcloud.auth.docker-helper) There was a problem refreshing your current auth tokens: ('Unable to acquire impersonated credentials', '{\n  "error": {\n    "code": 403,\n    "message": "Permission \'iam.serviceAccounts.getAccessToken\' denied on resource (or it may not exist).",\n    "status": "PERMISSION_DENIED",\n    "details": [\n      {\n        "@type": "type.googleapis.com/google.rpc.ErrorInfo",\n        "reason": "IAM_PERMISSION_DENIED",\n        "domain": "iam.googleapis.com",\n        "metadata": {\n          "permission": "iam.serviceAccounts.getAccessToken"\n        }\n      }\n    ]\n  }\n}\n')
deploy	Build e Push Docker Image	2025-03-07T08:24:15.5944275Z Please run:
deploy	Build e Push Docker Image	2025-03-07T08:24:15.5944459Z 
deploy	Build e Push Docker Image	2025-03-07T08:24:15.5944580Z   $ gcloud auth login
deploy	Build e Push Docker Image	2025-03-07T08:24:15.5944786Z 
deploy	Build e Push Docker Image	2025-03-07T08:24:15.5944929Z to obtain new credentials.
deploy	Build e Push Docker Image	2025-03-07T08:24:15.5945174Z 
deploy	Build e Push Docker Image	2025-03-07T08:24:15.5945399Z If you have already logged in with a different account, run:
deploy	Build e Push Docker Image	2025-03-07T08:24:15.5945748Z 
deploy	Build e Push Docker Image	2025-03-07T08:24:15.5945997Z   $ gcloud config set account ACCOUNT
deploy	Build e Push Docker Image	2025-03-07T08:24:15.5946265Z 
deploy	Build e Push Docker Image	2025-03-07T08:24:15.5946433Z to select an already authenticated account to use.
deploy	Build e Push Docker Image	2025-03-07T08:24:15.6662146Z The push refers to repository [us-central1-docker.pkg.dev/trading90/trading-ai-repo/trading-ai-service]
deploy	Build e Push Docker Image	2025-03-07T08:24:15.7496800Z f76c05486e17: Preparing
deploy	Build e Push Docker Image	2025-03-07T08:24:15.7498637Z bab6e90ccf49: Preparing
deploy	Build e Push Docker Image	2025-03-07T08:24:15.7502454Z 789558c9c7ef: Preparing
deploy	Build e Push Docker Image	2025-03-07T08:24:15.7502886Z 01db3e67097a: Preparing
deploy	Build e Push Docker Image	2025-03-07T08:24:15.7503245Z e49d0c94aa2a: Preparing
deploy	Build e Push Docker Image	2025-03-07T08:24:15.7503603Z 1c86760c5c93: Preparing
deploy	Build e Push Docker Image	2025-03-07T08:24:15.7503979Z 4b017a36fd9c: Preparing
deploy	Build e Push Docker Image	2025-03-07T08:24:15.7504328Z 20a9b386e10e: Preparing
deploy	Build e Push Docker Image	2025-03-07T08:24:15.7504686Z f8217d7865d2: Preparing
deploy	Build e Push Docker Image	2025-03-07T08:24:15.7505051Z 01c9a2a5f237: Preparing
deploy	Build e Push Docker Image	2025-03-07T08:24:15.7505305Z 20a9b386e10e: Waiting
deploy	Build e Push Docker Image	2025-03-07T08:24:15.7505533Z 01c9a2a5f237: Waiting
deploy	Build e Push Docker Image	2025-03-07T08:24:15.7505760Z f8217d7865d2: Waiting
deploy	Build e Push Docker Image	2025-03-07T08:24:15.7505976Z 1c86760c5c93: Waiting
deploy	Build e Push Docker Image	2025-03-07T08:24:15.7506195Z 4b017a36fd9c: Waiting
deploy	Build e Push Docker Image	2025-03-07T08:24:16.5343858Z denied: Unauthenticated request. Unauthenticated requests do not have permission "artifactregistry.repositories.uploadArtifacts" on resource "projects/trading90/locations/us-central1/repositories/trading-ai-repo" (or it may not exist)
deploy	Build e Push Docker Image	2025-03-07T08:24:16.5370622Z ##[error]Process completed with exit code 1.
deploy	Post Autenticazione su Google Cloud	﻿2025-03-07T08:24:16.5478930Z Post job cleanup.
deploy	Post Autenticazione su Google Cloud	2025-03-07T08:24:16.6300212Z Removed exported credentials at "/home/runner/work/trading-ai/trading-ai/gha-creds-c4a5e2ef5a72f2f0.json".
deploy	Post Checkout Repository	﻿2025-03-07T08:24:16.6430163Z Post job cleanup.
deploy	Post Checkout Repository	2025-03-07T08:24:16.7371998Z [command]/usr/bin/git version
deploy	Post Checkout Repository	2025-03-07T08:24:16.7412564Z git version 2.48.1
deploy	Post Checkout Repository	2025-03-07T08:24:16.7462206Z Temporarily overriding HOME='/home/runner/work/_temp/981133e8-91fc-488e-b640-5285375011ee' before making global git config changes
deploy	Post Checkout Repository	2025-03-07T08:24:16.7463462Z Adding repository directory to the temporary git global config as a safe directory
deploy	Post Checkout Repository	2025-03-07T08:24:16.7476210Z [command]/usr/bin/git config --global --add safe.directory /home/runner/work/trading-ai/trading-ai
deploy	Post Checkout Repository	2025-03-07T08:24:16.7513501Z [command]/usr/bin/git config --local --name-only --get-regexp core\.sshCommand
deploy	Post Checkout Repository	2025-03-07T08:24:16.7547519Z [command]/usr/bin/git submodule foreach --recursive sh -c "git config --local --name-only --get-regexp 'core\.sshCommand' && git config --local --unset-all 'core.sshCommand' || :"
deploy	Post Checkout Repository	2025-03-07T08:24:16.7832099Z [command]/usr/bin/git config --local --name-only --get-regexp http\.https\:\/\/github\.com\/\.extraheader
deploy	Post Checkout Repository	2025-03-07T08:24:16.7854029Z http.https://github.com/.extraheader
deploy	Post Checkout Repository	2025-03-07T08:24:16.7866739Z [command]/usr/bin/git config --local --unset-all http.https://github.com/.extraheader
deploy	Post Checkout Repository	2025-03-07T08:24:16.7898507Z [command]/usr/bin/git submodule foreach --recursive sh -c "git config --local --name-only --get-regexp 'http\.https\:\/\/github\.com\/\.extraheader' && git config --local --unset-all 'http.https://github.com/.extraheader' || :"
deploy	Complete job	﻿2025-03-07T08:24:16.8241071Z Cleaning up orphan processes

🚀 Inizio deploy: Fri Mar  7 09:06:21 AM UTC 2025
